// Jest Snapshot v1, https://goo.gl/fbAQLP

exports[`Ad SHOULD render correctly 1`] = `
<div
  className="container"
>
  <div
    className="row"
  >
    <div
      className="col-sm-12"
    >
      <h1>
        React.js Application
      </h1>
      <button
        className="btn btn-default"
        onClick={[Function]}
      >
        Do something
      </button>
    </div>
  </div>
</div>
`;
